// Jest Snapshot v1, https://goo.gl/fbAQLP

exports[`renders correctly 1`] = `
<RCTSafeAreaView
  emulateUnlessSupported={true}
>
  <View
    style={
      Object {
        "alignSelf": "center",
        "backgroundColor": "#FFF",
        "borderRadius": 8,
        "elevation": 4,
        "margin": 30,
        "padding": 30,
        "shadowColor": "#000",
        "shadowOffset": Object {
          "height": 1,
          "width": 0,
        },
        "shadowOpacity": 0.8,
        "shadowRadius": 1,
      }
    }
  >
    <Text>
      
    </Text>
    <View
      accessible={true}
      focusable={true}
      onClick={[Function]}
      onResponderGrant={[Function]}
      onResponderMove={[Function]}
      onResponderRelease={[Function]}
      onResponderTerminate={[Function]}
      onResponderTerminationRequest={[Function]}
      onStartShouldSetResponder={[Function]}
      style={
        Object {
          "opacity": 1,
        }
      }
    >
      <Text
        style={
          Object {
            "color": "red",
          }
        }
      >
        
      </Text>
    </View>
    <Text>
      
    </Text>
  </View>
</RCTSafeAreaView>
`;
